
> qaven@0.1.0 dev
> next dev -p 4321 -p 4321

   ▲ Next.js 15.5.25
   - Local:        http://localhost:4321
   - Network:      http://192.168.100.8:4321
   - Environments: .env.local

 ✓ Starting...
 ✓ Ready in 8.3s
 ✓ Compiled /middleware in 455ms (174 modules)
 ○ Compiling / ...
 ✓ Compiled / in 4.8s (775 modules)
 GET / 200 in 6310ms
 ✓ Compiled in 1621ms (300 modules)
 ○ Compiling /shop ...
 ✓ Compiled /shop in 984ms (783 modules)
 GET /shop 200 in 2065ms
 ✓ Compiled in 1144ms (301 modules)
 ✓ Compiled in 165ms (301 modules)
 ✓ Compiled in 137ms (301 modules)
 ✓ Compiled in 129ms (301 modules)
 ✓ Compiled in 141ms (301 modules)
 ✓ Compiled in 136ms (301 modules)
 ✓ Compiled in 129ms (301 modules)
 ✓ Compiled in 146ms (301 modules)
 ✓ Compiled in 150ms (301 modules)
 ✓ Compiled in 141ms (301 modules)
 ✓ Compiled in 145ms (301 modules)
 ✓ Compiled in 149ms (301 modules)
 ✓ Compiled in 129ms (301 modules)
 ✓ Compiled in 137ms (301 modules)
 ✓ Compiled in 129ms (301 modules)
 ✓ Compiled in 112ms (301 modules)
 ✓ Compiled in 130ms (301 modules)
 ✓ Compiled in 134ms (301 modules)
 ✓ Compiled in 123ms (301 modules)
 ✓ Compiled in 123ms (301 modules)
 ✓ Compiled in 126ms (301 modules)
 ✓ Compiled in 131ms (301 modules)
 ✓ Compiled in 137ms (301 modules)
 ✓ Compiled in 123ms (301 modules)
 ✓ Compiled in 132ms (301 modules)
 ✓ Compiled in 127ms (301 modules)
 ✓ Compiled in 144ms (301 modules)
 ✓ Compiled in 127ms (301 modules)
 ✓ Compiled in 123ms (301 modules)
 ✓ Compiled in 127ms (301 modules)
 ✓ Compiled in 121ms (301 modules)
 ✓ Compiled in 147ms (301 modules)
 ✓ Compiled in 131ms (301 modules)
 ✓ Compiled in 127ms (301 modules)
 ✓ Compiled in 137ms (301 modules)
 ✓ Compiled in 139ms (301 modules)
 ✓ Compiled in 124ms (301 modules)
 ✓ Compiled in 126ms (301 modules)
 ✓ Compiled in 132ms (301 modules)
 ✓ Compiled in 115ms (301 modules)
 ✓ Compiled in 129ms (301 modules)
 ✓ Compiled in 126ms (301 modules)
 ✓ Compiled in 135ms (301 modules)
 ✓ Compiled in 137ms (301 modules)
 ✓ Compiled in 140ms (301 modules)
 ✓ Compiled in 143ms (301 modules)
 ✓ Compiled in 157ms (301 modules)
 ✓ Compiled in 161ms (301 modules)
 ✓ Compiled in 152ms (301 modules)
 ✓ Compiled in 156ms (301 modules)
 ✓ Compiled in 155ms (301 modules)
 ✓ Compiled in 155ms (301 modules)
 ✓ Compiled in 165ms (301 modules)
 ✓ Compiled in 169ms (301 modules)
 ✓ Compiled in 157ms (301 modules)
 ✓ Compiled in 178ms (301 modules)
 ✓ Compiled in 159ms (301 modules)
 ✓ Compiled in 151ms (301 modules)
 ✓ Compiled in 174ms (301 modules)
 ✓ Compiled in 146ms (301 modules)
 ✓ Compiled in 157ms (301 modules)
 ✓ Compiled in 165ms (301 modules)
 ✓ Compiled in 168ms (301 modules)
 ✓ Compiled in 157ms (301 modules)
 ✓ Compiled in 157ms (301 modules)
 ✓ Compiled in 197ms (301 modules)
 ✓ Compiled in 156ms (301 modules)
 ✓ Compiled in 154ms (301 modules)
 ✓ Compiled in 159ms (301 modules)
 ✓ Compiled in 145ms (301 modules)
 ✓ Compiled in 156ms (301 modules)
 ✓ Compiled in 160ms (301 modules)
 ✓ Compiled in 165ms (301 modules)
 ✓ Compiled in 195ms (301 modules)
 ✓ Compiled in 169ms (301 modules)
 ✓ Compiled in 154ms (301 modules)
 ✓ Compiled in 166ms (301 modules)
 ✓ Compiled in 170ms (301 modules)
 ✓ Compiled in 153ms (301 modules)
 ✓ Compiled in 160ms (301 modules)
 ✓ Compiled in 169ms (301 modules)
 ✓ Compiled in 159ms (301 modules)
 ✓ Compiled in 162ms (301 modules)
 ✓ Compiled in 161ms (301 modules)
 ✓ Compiled in 144ms (301 modules)
 ✓ Compiled in 151ms (301 modules)
 ✓ Compiled in 164ms (301 modules)
 ✓ Compiled in 158ms (301 modules)
 ✓ Compiled in 166ms (301 modules)
 ✓ Compiled in 158ms (301 modules)
 ✓ Compiled in 133ms (301 modules)
 ✓ Compiled in 148ms (301 modules)
 ✓ Compiled in 150ms (301 modules)
 ✓ Compiled in 151ms (301 modules)
 ✓ Compiled in 184ms (301 modules)
 ✓ Compiled in 151ms (301 modules)
 ✓ Compiled in 141ms (301 modules)
 ✓ Compiled in 153ms (301 modules)
 ✓ Compiled in 146ms (301 modules)
 ✓ Compiled in 125ms (301 modules)
 ✓ Compiled in 146ms (301 modules)
 ✓ Compiled in 138ms (301 modules)
 ✓ Compiled in 133ms (301 modules)
 ✓ Compiled in 131ms (301 modules)
 ✓ Compiled in 139ms (301 modules)
 ✓ Compiled in 135ms (301 modules)
 ✓ Compiled in 141ms (301 modules)
 ✓ Compiled in 156ms (301 modules)
 ✓ Compiled in 126ms (301 modules)
 ✓ Compiled in 129ms (301 modules)
 ✓ Compiled in 139ms (301 modules)
 ✓ Compiled in 130ms (301 modules)
 ✓ Compiled in 126ms (301 modules)
 ✓ Compiled in 145ms (301 modules)
 ✓ Compiled in 145ms (301 modules)
 ✓ Compiled in 120ms (301 modules)
 ✓ Compiled in 135ms (301 modules)
 ✓ Compiled in 130ms (301 modules)
 ✓ Compiled in 155ms (301 modules)
 ✓ Compiled in 153ms (301 modules)
 ✓ Compiled in 137ms (301 modules)
 ✓ Compiled in 150ms (301 modules)
 ✓ Compiled in 132ms (301 modules)
 ✓ Compiled in 133ms (301 modules)
 ✓ Compiled in 148ms (301 modules)
 ✓ Compiled in 155ms (301 modules)
 ✓ Compiled in 143ms (301 modules)
 ✓ Compiled in 147ms (301 modules)
 ✓ Compiled in 153ms (301 modules)
 ✓ Compiled in 211ms (301 modules)
 ✓ Compiled in 142ms (301 modules)
 ✓ Compiled in 136ms (301 modules)
 ✓ Compiled in 148ms (301 modules)
 ✓ Compiled in 151ms (301 modules)
 ✓ Compiled in 139ms (301 modules)
 ✓ Compiled in 147ms (301 modules)
 ✓ Compiled in 124ms (301 modules)
 ✓ Compiled in 130ms (301 modules)
 ✓ Compiled in 127ms (301 modules)
 ✓ Compiled in 125ms (301 modules)
 ✓ Compiled in 132ms (301 modules)
 ✓ Compiled in 125ms (301 modules)
 ✓ Compiled in 154ms (301 modules)
 ✓ Compiled in 138ms (301 modules)
 ✓ Compiled in 156ms (301 modules)
 ✓ Compiled in 139ms (301 modules)
 ✓ Compiled in 127ms (301 modules)
 ✓ Compiled in 144ms (301 modules)
 ✓ Compiled in 155ms (301 modules)
 ✓ Compiled in 138ms (301 modules)
 ✓ Compiled in 137ms (301 modules)
 ✓ Compiled in 131ms (301 modules)
 ✓ Compiled in 133ms (301 modules)
 ✓ Compiled in 138ms (301 modules)
 ✓ Compiled in 137ms (301 modules)
 ✓ Compiled in 126ms (301 modules)
 ✓ Compiled in 134ms (301 modules)
 ✓ Compiled in 143ms (301 modules)
 ✓ Compiled in 131ms (301 modules)
 ✓ Compiled in 147ms (301 modules)
 ✓ Compiled in 127ms (301 modules)
 ✓ Compiled in 130ms (301 modules)
 ✓ Compiled in 129ms (301 modules)
 ✓ Compiled in 145ms (301 modules)
 ✓ Compiled in 126ms (301 modules)
 ✓ Compiled in 136ms (301 modules)
 ✓ Compiled in 145ms (301 modules)
 ✓ Compiled in 130ms (301 modules)
 ✓ Compiled in 142ms (301 modules)
 ✓ Compiled in 131ms (301 modules)
 ✓ Compiled in 127ms (301 modules)
 ✓ Compiled in 136ms (301 modules)
 ✓ Compiled in 139ms (301 modules)
 ✓ Compiled in 137ms (301 modules)
 ✓ Compiled in 154ms (301 modules)
 ✓ Compiled in 139ms (301 modules)
 ✓ Compiled in 128ms (301 modules)
 ✓ Compiled in 140ms (301 modules)
 ✓ Compiled in 144ms (301 modules)
 ✓ Compiled in 125ms (301 modules)
 ✓ Compiled in 129ms (301 modules)
 ✓ Compiled in 138ms (301 modules)
 ✓ Compiled in 126ms (301 modules)
 ✓ Compiled in 133ms (301 modules)
 ✓ Compiled in 148ms (301 modules)
 ✓ Compiled in 145ms (301 modules)
 ✓ Compiled in 151ms (301 modules)
 ✓ Compiled in 139ms (301 modules)
 ✓ Compiled in 133ms (301 modules)
 ✓ Compiled in 141ms (301 modules)
 ✓ Compiled in 132ms (301 modules)
 ✓ Compiled in 137ms (301 modules)
 ✓ Compiled in 155ms (301 modules)
 ✓ Compiled in 145ms (301 modules)
 ✓ Compiled in 128ms (301 modules)
 ✓ Compiled in 139ms (301 modules)
 ✓ Compiled in 136ms (301 modules)
 ✓ Compiled in 130ms (301 modules)
 ✓ Compiled in 160ms (301 modules)
 ✓ Compiled in 144ms (301 modules)
 ✓ Compiled in 148ms (301 modules)
 ✓ Compiled in 151ms (301 modules)
 ✓ Compiled in 140ms (301 modules)
 ✓ Compiled in 138ms (301 modules)
 ✓ Compiled in 134ms (301 modules)
 ✓ Compiled in 134ms (301 modules)
 ✓ Compiled in 136ms (301 modules)
 ✓ Compiled in 125ms (301 modules)
 ✓ Compiled in 144ms (301 modules)
 ✓ Compiled in 115ms (301 modules)
 ✓ Compiled in 146ms (301 modules)
 ✓ Compiled in 762ms (301 modules)
 ✓ Compiled in 227ms (301 modules)
 ✓ Compiled in 166ms (301 modules)
 ✓ Compiled in 143ms (301 modules)
 ✓ Compiled in 126ms (301 modules)
 GET / 200 in 1427ms
 ✓ Compiled in 141ms (301 modules)
 ✓ Compiled in 133ms (301 modules)
 ✓ Compiled in 134ms (301 modules)
 ✓ Compiled in 138ms (301 modules)
 ✓ Compiled in 142ms (301 modules)
 ✓ Compiled in 127ms (301 modules)
 ✓ Compiled in 131ms (301 modules)
 ✓ Compiled in 1081ms (301 modules)
 ✓ Compiled in 138ms (301 modules)
 ✓ Compiled in 144ms (301 modules)
 ✓ Compiled in 135ms (301 modules)
 GET / 200 in 1650ms
 ✓ Compiled in 137ms (301 modules)
 ✓ Compiled in 125ms (301 modules)
 ✓ Compiled in 123ms (301 modules)
 ✓ Compiled in 137ms (301 modules)
 ✓ Compiled in 139ms (301 modules)
 ✓ Compiled in 132ms (301 modules)
 ✓ Compiled in 149ms (301 modules)
 ✓ Compiled in 149ms (301 modules)
 ✓ Compiled in 137ms (301 modules)
 ✓ Compiled in 139ms (301 modules)
 ✓ Compiled in 161ms (301 modules)
 ✓ Compiled in 134ms (301 modules)
 ✓ Compiled in 128ms (301 modules)
 ✓ Compiled in 134ms (301 modules)
 ✓ Compiled in 122ms (301 modules)
 ✓ Compiled in 128ms (301 modules)
 ✓ Compiled in 137ms (301 modules)
 ✓ Compiled in 126ms (301 modules)
 ✓ Compiled in 147ms (301 modules)
 ✓ Compiled in 185ms (301 modules)
 ✓ Compiled in 170ms (301 modules)
 ✓ Compiled in 187ms (301 modules)
 ✓ Compiled in 185ms (301 modules)
 ✓ Compiled in 162ms (301 modules)
 ✓ Compiled in 180ms (301 modules)
 ✓ Compiled in 174ms (301 modules)
 ✓ Compiled in 136ms (301 modules)
 ✓ Compiled in 134ms (301 modules)
 ✓ Compiled in 154ms (301 modules)
 ✓ Compiled in 148ms (301 modules)
 ✓ Compiled in 139ms (301 modules)
 ✓ Compiled in 139ms (301 modules)
 ✓ Compiled in 124ms (301 modules)
 ✓ Compiled in 166ms (301 modules)
 ✓ Compiled in 156ms (301 modules)
 ✓ Compiled in 157ms (301 modules)
 ○ Compiling /icon.svg ...
 ✓ Compiled /icon.svg in 612ms (800 modules)
 GET /icon.svg?5c9ea5bf1a55c44d 200 in 909ms
 ✓ Compiled in 401ms (301 modules)
 ✓ Compiled in 158ms (301 modules)
 ✓ Compiled in 168ms (301 modules)
 ✓ Compiled in 148ms (301 modules)
 ✓ Compiled in 149ms (301 modules)
 ✓ Compiled in 151ms (301 modules)
 ✓ Compiled in 178ms (301 modules)
 ✓ Compiled in 154ms (301 modules)
 ✓ Compiled in 156ms (301 modules)
 ✓ Compiled in 142ms (301 modules)
 ✓ Compiled in 136ms (301 modules)
 ✓ Compiled in 137ms (301 modules)
 ✓ Compiled in 133ms (301 modules)
 ✓ Compiled in 128ms (301 modules)
 ✓ Compiled in 185ms (301 modules)
 ✓ Compiled in 155ms (301 modules)
 ✓ Compiled in 141ms (301 modules)
 ✓ Compiled in 135ms (301 modules)
 ✓ Compiled in 136ms (301 modules)
 ✓ Compiled in 121ms (301 modules)
 ✓ Compiled in 135ms (301 modules)
 ✓ Compiled in 137ms (301 modules)
 ✓ Compiled in 129ms (301 modules)
 ✓ Compiled in 149ms (301 modules)
 ✓ Compiled in 143ms (301 modules)
 ✓ Compiled in 137ms (301 modules)
 ✓ Compiled in 138ms (301 modules)
 ✓ Compiled in 139ms (301 modules)
 ✓ Compiled in 128ms (301 modules)
 ✓ Compiled in 137ms (301 modules)
 ✓ Compiled in 138ms (301 modules)
 ✓ Compiled in 131ms (301 modules)
 ✓ Compiled in 139ms (301 modules)
 ✓ Compiled in 139ms (301 modules)
 ✓ Compiled in 122ms (301 modules)
 ✓ Compiled in 131ms (301 modules)
 ✓ Compiled in 139ms (301 modules)
 ✓ Compiled in 127ms (301 modules)
 ✓ Compiled in 140ms (301 modules)
 ✓ Compiled in 156ms (301 modules)
 ✓ Compiled in 156ms (301 modules)
 ✓ Compiled in 155ms (301 modules)
 ✓ Compiled in 145ms (301 modules)
 ✓ Compiled in 127ms (301 modules)
 ✓ Compiled in 142ms (301 modules)
 ✓ Compiled in 138ms (301 modules)
 ✓ Compiled in 134ms (301 modules)
 ✓ Compiled in 163ms (301 modules)
 ✓ Compiled in 144ms (301 modules)
 ✓ Compiled in 127ms (301 modules)
 ✓ Compiled in 140ms (301 modules)
 ✓ Compiled in 135ms (301 modules)
 ✓ Compiled in 132ms (301 modules)
 ✓ Compiled in 141ms (301 modules)
 ✓ Compiled in 142ms (301 modules)
 ✓ Compiled in 140ms (301 modules)
 ✓ Compiled in 149ms (301 modules)
 ✓ Compiled in 142ms (301 modules)
 ✓ Compiled in 139ms (301 modules)
 ✓ Compiled in 149ms (301 modules)
 ✓ Compiled in 151ms (301 modules)
 ✓ Compiled in 131ms (301 modules)
 ✓ Compiled in 148ms (301 modules)
 ✓ Compiled in 151ms (301 modules)
 ✓ Compiled in 143ms (301 modules)
 ✓ Compiled in 148ms (301 modules)
 ✓ Compiled in 129ms (301 modules)
 ✓ Compiled in 128ms (301 modules)
 ✓ Compiled in 148ms (301 modules)
 ✓ Compiled in 136ms (301 modules)
 ✓ Compiled in 138ms (301 modules)
 ✓ Compiled in 172ms (301 modules)
 ✓ Compiled in 146ms (301 modules)
 ✓ Compiled in 131ms (301 modules)
 ✓ Compiled in 147ms (301 modules)
 ✓ Compiled in 153ms (301 modules)
 ✓ Compiled in 141ms (301 modules)
 ✓ Compiled in 142ms (301 modules)
 ✓ Compiled in 142ms (301 modules)
 ✓ Compiled in 149ms (301 modules)
 ✓ Compiled in 145ms (301 modules)
 ✓ Compiled in 140ms (301 modules)
 ✓ Compiled in 133ms (301 modules)
 ✓ Compiled in 143ms (301 modules)
 ✓ Compiled in 138ms (301 modules)
 ✓ Compiled in 149ms (301 modules)
 ✓ Compiled in 145ms (301 modules)
 ✓ Compiled in 162ms (301 modules)
 ✓ Compiled in 140ms (301 modules)
 ✓ Compiled in 160ms (301 modules)
 ✓ Compiled in 146ms (301 modules)
 ✓ Compiled in 131ms (301 modules)
 ✓ Compiled in 149ms (301 modules)
 ✓ Compiled in 141ms (301 modules)
 ✓ Compiled in 140ms (301 modules)
 ✓ Compiled in 170ms (301 modules)
 ✓ Compiled in 148ms (301 modules)
 ✓ Compiled in 137ms (301 modules)
 ✓ Compiled in 144ms (301 modules)
 ✓ Compiled in 136ms (301 modules)
 ✓ Compiled in 139ms (301 modules)
 ✓ Compiled in 154ms (301 modules)
 ✓ Compiled in 151ms (301 modules)
 ✓ Compiled in 146ms (301 modules)
 ✓ Compiled in 155ms (301 modules)
 ✓ Compiled in 144ms (301 modules)
 ✓ Compiled in 141ms (301 modules)
 ✓ Compiled in 155ms (301 modules)
 ✓ Compiled in 144ms (301 modules)
 ✓ Compiled in 131ms (301 modules)
 ✓ Compiled in 146ms (301 modules)
 ✓ Compiled in 143ms (301 modules)
 ✓ Compiled in 140ms (301 modules)
 ✓ Compiled in 147ms (301 modules)
 ✓ Compiled in 151ms (301 modules)
 ✓ Compiled in 128ms (301 modules)
 ✓ Compiled in 156ms (301 modules)
 ✓ Compiled in 144ms (301 modules)
 ✓ Compiled in 133ms (301 modules)
 ✓ Compiled in 135ms (301 modules)
 ✓ Compiled in 139ms (301 modules)
 ✓ Compiled in 134ms (301 modules)
 ✓ Compiled in 156ms (301 modules)
 ✓ Compiled in 140ms (301 modules)
 ✓ Compiled in 136ms (301 modules)
 ✓ Compiled in 152ms (301 modules)
 ✓ Compiled in 151ms (301 modules)
 ✓ Compiled in 145ms (301 modules)
 ✓ Compiled in 145ms (301 modules)
 ✓ Compiled in 152ms (301 modules)
 ✓ Compiled in 149ms (301 modules)
 ✓ Compiled in 150ms (301 modules)
 ✓ Compiled in 157ms (301 modules)
 ✓ Compiled in 134ms (301 modules)
 ✓ Compiled in 164ms (301 modules)
 ✓ Compiled in 162ms (301 modules)
 ✓ Compiled in 139ms (301 modules)
 ✓ Compiled in 146ms (301 modules)
 ✓ Compiled in 164ms (301 modules)
 ✓ Compiled in 134ms (301 modules)
 ✓ Compiled in 158ms (301 modules)
 ✓ Compiled in 176ms (301 modules)
 ✓ Compiled in 163ms (301 modules)
 ✓ Compiled in 155ms (301 modules)
 ✓ Compiled in 145ms (301 modules)
 ✓ Compiled in 141ms (301 modules)
 ✓ Compiled in 241ms (301 modules)
 ✓ Compiled in 172ms (301 modules)
 ✓ Compiled in 152ms (301 modules)
 ✓ Compiled in 153ms (301 modules)
 ✓ Compiled in 155ms (301 modules)
 ✓ Compiled in 145ms (301 modules)
 ✓ Compiled in 171ms (301 modules)
 ✓ Compiled in 193ms (301 modules)
 ✓ Compiled in 145ms (301 modules)
 ✓ Compiled in 155ms (301 modules)
 ✓ Compiled in 134ms (301 modules)
 ✓ Compiled in 130ms (301 modules)
 ✓ Compiled in 136ms (301 modules)
 ✓ Compiled in 135ms (301 modules)
 ✓ Compiled in 129ms (301 modules)
 ✓ Compiled in 147ms (301 modules)
 ✓ Compiled in 128ms (301 modules)
 ✓ Compiled in 143ms (301 modules)
 ✓ Compiled in 143ms (301 modules)
 ✓ Compiled in 137ms (301 modules)
 ✓ Compiled in 145ms (301 modules)
 ✓ Compiled in 155ms (301 modules)
 ✓ Compiled in 152ms (301 modules)
 ✓ Compiled in 132ms (301 modules)
 ✓ Compiled in 155ms (301 modules)
 ✓ Compiled in 149ms (301 modules)
 ✓ Compiled in 144ms (301 modules)
 ✓ Compiled in 169ms (301 modules)
 ✓ Compiled in 159ms (301 modules)
 ✓ Compiled in 141ms (301 modules)
 ✓ Compiled in 147ms (301 modules)
 ✓ Compiled in 156ms (301 modules)
 ✓ Compiled in 151ms (301 modules)
 ✓ Compiled in 162ms (301 modules)
 ✓ Compiled in 149ms (301 modules)
 ✓ Compiled in 140ms (301 modules)
 ✓ Compiled in 142ms (301 modules)
 ✓ Compiled in 138ms (301 modules)
 ✓ Compiled in 145ms (301 modules)
 ✓ Compiled in 131ms (301 modules)
 ✓ Compiled in 136ms (301 modules)
 ✓ Compiled in 135ms (301 modules)
 ✓ Compiled in 147ms (301 modules)
 ✓ Compiled in 122ms (301 modules)
 ✓ Compiled in 116ms (301 modules)
 ✓ Compiled in 136ms (301 modules)
 ✓ Compiled in 142ms (301 modules)
 ✓ Compiled in 130ms (301 modules)
 ✓ Compiled in 141ms (301 modules)
 ✓ Compiled in 143ms (301 modules)
 ✓ Compiled in 120ms (301 modules)
 ✓ Compiled in 133ms (301 modules)
 ✓ Compiled in 139ms (301 modules)
 ✓ Compiled in 118ms (301 modules)
 ✓ Compiled in 144ms (301 modules)
 ✓ Compiled in 142ms (301 modules)
 ✓ Compiled in 123ms (301 modules)
 ✓ Compiled in 156ms (301 modules)
 ✓ Compiled in 147ms (301 modules)
 ✓ Compiled in 125ms (301 modules)
 ✓ Compiled in 124ms (301 modules)
 ✓ Compiled in 152ms (301 modules)
 ✓ Compiled in 144ms (301 modules)
 ✓ Compiled in 172ms (301 modules)
 ✓ Compiled in 159ms (301 modules)
 ✓ Compiled in 146ms (301 modules)
 ✓ Compiled in 153ms (301 modules)
 ✓ Compiled in 133ms (301 modules)
 ✓ Compiled in 158ms (301 modules)
 ✓ Compiled in 151ms (301 modules)
 ✓ Compiled in 140ms (301 modules)
 ✓ Compiled in 129ms (301 modules)
 ✓ Compiled in 150ms (301 modules)
 ✓ Compiled in 166ms (301 modules)
 ✓ Compiled in 135ms (301 modules)
 ✓ Compiled in 145ms (301 modules)
 ✓ Compiled in 155ms (301 modules)
 ✓ Compiled in 145ms (301 modules)
 ✓ Compiled in 157ms (301 modules)
 ✓ Compiled in 154ms (301 modules)
 ✓ Compiled in 180ms (301 modules)
 ✓ Compiled in 206ms (301 modules)
 ✓ Compiled in 178ms (301 modules)
 ✓ Compiled in 175ms (301 modules)
 ✓ Compiled in 159ms (301 modules)
 ✓ Compiled in 158ms (301 modules)
 ✓ Compiled in 158ms (301 modules)
 ✓ Compiled in 181ms (301 modules)
 ✓ Compiled in 160ms (301 modules)
 ✓ Compiled in 137ms (301 modules)
 ✓ Compiled in 149ms (301 modules)
 ✓ Compiled in 154ms (301 modules)
 ✓ Compiled in 136ms (301 modules)
 ✓ Compiled in 165ms (301 modules)
 ✓ Compiled in 183ms (301 modules)
 ✓ Compiled in 149ms (301 modules)
 ✓ Compiled in 173ms (301 modules)
 ✓ Compiled in 159ms (301 modules)
 ✓ Compiled in 129ms (301 modules)
 ✓ Compiled in 154ms (301 modules)
 ✓ Compiled in 154ms (301 modules)
 ✓ Compiled in 144ms (301 modules)
 ✓ Compiled in 170ms (301 modules)
 ✓ Compiled in 154ms (301 modules)
 ✓ Compiled in 146ms (301 modules)
 ✓ Compiled in 160ms (301 modules)
 ✓ Compiled in 151ms (301 modules)
 ✓ Compiled in 127ms (301 modules)
 ✓ Compiled in 129ms (301 modules)
 ✓ Compiled in 145ms (301 modules)
 ✓ Compiled in 128ms (301 modules)
 ✓ Compiled in 132ms (301 modules)
 ✓ Compiled in 149ms (301 modules)
 ✓ Compiled in 118ms (301 modules)
 ✓ Compiled in 137ms (301 modules)
 ✓ Compiled in 133ms (301 modules)
 ✓ Compiled in 135ms (301 modules)
 ✓ Compiled in 146ms (301 modules)
 ✓ Compiled in 149ms (301 modules)
 ✓ Compiled in 143ms (301 modules)
 ✓ Compiled in 138ms (301 modules)
 ✓ Compiled in 128ms (301 modules)
 ✓ Compiled in 128ms (301 modules)
 ✓ Compiled in 135ms (301 modules)
 ✓ Compiled in 142ms (301 modules)
 ✓ Compiled in 142ms (301 modules)
 ✓ Compiled in 165ms (301 modules)
 ✓ Compiled in 149ms (301 modules)
 ✓ Compiled in 133ms (301 modules)
 ✓ Compiled in 150ms (301 modules)
 ✓ Compiled in 136ms (301 modules)
 ✓ Compiled in 119ms (301 modules)
 ✓ Compiled in 129ms (301 modules)
 ✓ Compiled in 139ms (301 modules)
 ✓ Compiled in 137ms (301 modules)
 ✓ Compiled in 138ms (301 modules)
 ✓ Compiled in 128ms (301 modules)
 ✓ Compiled in 117ms (301 modules)
 ✓ Compiled in 135ms (301 modules)
 ✓ Compiled in 134ms (301 modules)
 ✓ Compiled in 127ms (301 modules)
 ✓ Compiled in 140ms (301 modules)
 ✓ Compiled in 131ms (301 modules)
 ✓ Compiled in 139ms (301 modules)
 ✓ Compiled in 143ms (301 modules)
 ✓ Compiled in 129ms (301 modules)
 ✓ Compiled in 127ms (301 modules)
 ✓ Compiled in 144ms (301 modules)
 ✓ Compiled in 129ms (301 modules)
 ✓ Compiled in 134ms (301 modules)
 ✓ Compiled in 140ms (301 modules)
 ✓ Compiled in 180ms (301 modules)
 ✓ Compiled in 140ms (301 modules)
 ✓ Compiled in 139ms (301 modules)
 ✓ Compiled in 144ms (301 modules)
 ✓ Compiled in 150ms (301 modules)
 ✓ Compiled in 144ms (301 modules)
 ✓ Compiled in 144ms (301 modules)
 ✓ Compiled in 122ms (301 modules)
 ✓ Compiled in 139ms (301 modules)
 ✓ Compiled in 133ms (301 modules)
 ✓ Compiled in 127ms (301 modules)
 ✓ Compiled in 133ms (301 modules)
 ✓ Compiled in 144ms (301 modules)
 ✓ Compiled in 150ms (301 modules)
 ✓ Compiled in 206ms (301 modules)
 ✓ Compiled in 303ms (301 modules)
 ✓ Compiled in 151ms (301 modules)
 ✓ Compiled in 161ms (301 modules)
 ✓ Compiled in 139ms (301 modules)
 ✓ Compiled in 132ms (301 modules)
 ✓ Compiled in 135ms (301 modules)
 ✓ Compiled in 130ms (301 modules)
 ✓ Compiled in 130ms (301 modules)
 ✓ Compiled in 147ms (301 modules)
 ✓ Compiled in 150ms (301 modules)
 ✓ Compiled in 133ms (301 modules)
 ✓ Compiled in 136ms (301 modules)
 ✓ Compiled in 134ms (301 modules)
 ✓ Compiled in 130ms (301 modules)
 ✓ Compiled in 142ms (301 modules)
 ✓ Compiled in 143ms (301 modules)
 ✓ Compiled in 151ms (301 modules)
 ✓ Compiled in 139ms (301 modules)
 ✓ Compiled in 136ms (301 modules)
 ✓ Compiled in 138ms (301 modules)
 ✓ Compiled in 150ms (301 modules)
 ✓ Compiled in 131ms (301 modules)
 ✓ Compiled in 128ms (301 modules)
 ✓ Compiled in 148ms (301 modules)
 ✓ Compiled in 144ms (301 modules)
 ✓ Compiled in 130ms (301 modules)
 ✓ Compiled in 135ms (301 modules)
 ✓ Compiled in 133ms (301 modules)
 ✓ Compiled in 138ms (301 modules)
 ✓ Compiled in 149ms (301 modules)
 ✓ Compiled in 158ms (301 modules)
 ✓ Compiled in 138ms (301 modules)
 ✓ Compiled in 153ms (301 modules)
 ✓ Compiled in 149ms (301 modules)
 ✓ Compiled in 137ms (301 modules)
 ✓ Compiled in 144ms (301 modules)
 ✓ Compiled in 146ms (301 modules)
 ✓ Compiled in 153ms (301 modules)
 ✓ Compiled in 161ms (301 modules)
 ✓ Compiled in 151ms (301 modules)
 ✓ Compiled in 144ms (301 modules)
 ✓ Compiled in 145ms (301 modules)
 ✓ Compiled in 147ms (301 modules)
 ✓ Compiled in 123ms (301 modules)
 ✓ Compiled in 135ms (301 modules)
 ✓ Compiled in 141ms (301 modules)
 ✓ Compiled in 136ms (301 modules)
 ✓ Compiled in 129ms (301 modules)
 ✓ Compiled in 154ms (301 modules)
 ✓ Compiled in 128ms (301 modules)
 ✓ Compiled in 144ms (301 modules)
 ✓ Compiled in 145ms (301 modules)
 ✓ Compiled in 141ms (301 modules)
 ✓ Compiled in 141ms (301 modules)
 ✓ Compiled in 145ms (301 modules)
 ✓ Compiled in 139ms (301 modules)
 ✓ Compiled in 171ms (301 modules)
 ✓ Compiled in 143ms (301 modules)
 ✓ Compiled in 128ms (301 modules)
 ✓ Compiled in 171ms (301 modules)
 ✓ Compiled in 196ms (301 modules)
 ✓ Compiled in 139ms (301 modules)
 ✓ Compiled in 129ms (301 modules)
 ✓ Compiled in 127ms (301 modules)
 ✓ Compiled in 134ms (301 modules)
 ✓ Compiled in 111ms (301 modules)
 ✓ Compiled in 152ms (301 modules)
 ✓ Compiled in 134ms (301 modules)
 ✓ Compiled in 129ms (301 modules)
 ✓ Compiled in 139ms (301 modules)
 ✓ Compiled in 116ms (301 modules)
 ✓ Compiled in 117ms (301 modules)
 ✓ Compiled in 110ms (301 modules)
 ✓ Compiled in 95ms (301 modules)
 ✓ Compiled in 95ms (301 modules)
 ✓ Compiled in 111ms (301 modules)
 ✓ Compiled in 117ms (301 modules)
 ✓ Compiled in 132ms (301 modules)
 ✓ Compiled in 124ms (301 modules)
 ✓ Compiled in 105ms (301 modules)
 ✓ Compiled in 104ms (301 modules)
 ✓ Compiled in 98ms (301 modules)
 ✓ Compiled in 87ms (301 modules)
 ✓ Compiled in 106ms (301 modules)
 ✓ Compiled in 100ms (301 modules)
 ✓ Compiled in 103ms (301 modules)
 ✓ Compiled in 99ms (301 modules)
 ✓ Compiled in 107ms (301 modules)
 ✓ Compiled in 103ms (301 modules)
 ✓ Compiled in 110ms (301 modules)
 ✓ Compiled in 107ms (301 modules)
 ✓ Compiled in 93ms (301 modules)
 ✓ Compiled in 99ms (301 modules)
 ✓ Compiled in 105ms (301 modules)
 ✓ Compiled in 247ms (301 modules)
 ✓ Compiled in 151ms (301 modules)
 ✓ Compiled in 179ms (301 modules)
 ✓ Compiled in 122ms (301 modules)
 ✓ Compiled in 98ms (301 modules)
 ✓ Compiled in 100ms (301 modules)
 ✓ Compiled in 99ms (301 modules)
 ✓ Compiled in 89ms (301 modules)
 ✓ Compiled in 95ms (301 modules)
 ✓ Compiled in 93ms (301 modules)
 ✓ Compiled in 83ms (301 modules)
 ✓ Compiled in 95ms (301 modules)
 ✓ Compiled in 97ms (301 modules)
 ✓ Compiled in 89ms (301 modules)
 ✓ Compiled in 94ms (301 modules)
 ✓ Compiled in 94ms (301 modules)
 ✓ Compiled in 84ms (301 modules)
 ✓ Compiled in 91ms (301 modules)
 ✓ Compiled in 95ms (301 modules)
 ✓ Compiled in 89ms (301 modules)
 ✓ Compiled in 101ms (301 modules)
 ✓ Compiled in 98ms (301 modules)
 ✓ Compiled in 84ms (301 modules)
 ✓ Compiled in 93ms (301 modules)
 ✓ Compiled in 97ms (301 modules)
 ✓ Compiled in 89ms (301 modules)
 ✓ Compiled in 92ms (301 modules)
 ✓ Compiled in 102ms (301 modules)
 ✓ Compiled in 90ms (301 modules)
 ✓ Compiled in 93ms (301 modules)
 ✓ Compiled in 101ms (301 modules)
 ✓ Compiled in 83ms (301 modules)
 ✓ Compiled in 107ms (301 modules)
 ✓ Compiled in 104ms (301 modules)
 ✓ Compiled in 92ms (301 modules)
 ✓ Compiled in 98ms (301 modules)
 ✓ Compiled in 102ms (301 modules)
 ✓ Compiled in 82ms (301 modules)
 ✓ Compiled in 96ms (301 modules)
 ✓ Compiled in 90ms (301 modules)
 ✓ Compiled in 87ms (301 modules)
 ✓ Compiled in 101ms (301 modules)
 ✓ Compiled in 108ms (301 modules)
 ✓ Compiled in 101ms (301 modules)
 ✓ Compiled in 99ms (301 modules)
 ✓ Compiled in 107ms (301 modules)
 ✓ Compiled in 93ms (301 modules)
 ✓ Compiled in 103ms (301 modules)
 ✓ Compiled in 85ms (301 modules)
 ✓ Compiled in 89ms (301 modules)
 ✓ Compiled in 100ms (301 modules)
 ✓ Compiled in 102ms (301 modules)
 ✓ Compiled in 88ms (301 modules)
 ✓ Compiled in 99ms (301 modules)
 ✓ Compiled in 96ms (301 modules)
 ✓ Compiled in 97ms (301 modules)
 ✓ Compiled in 98ms (301 modules)
 ✓ Compiled in 95ms (301 modules)
 ✓ Compiled in 102ms (301 modules)
 ✓ Compiled in 102ms (301 modules)
 ✓ Compiled in 105ms (301 modules)
 ✓ Compiled in 96ms (301 modules)
 ✓ Compiled in 93ms (301 modules)
 ✓ Compiled in 103ms (301 modules)
 ✓ Compiled in 87ms (301 modules)
 ✓ Compiled in 115ms (301 modules)
 ✓ Compiled in 104ms (301 modules)
 ✓ Compiled in 86ms (301 modules)
 ✓ Compiled in 109ms (301 modules)
 ✓ Compiled in 107ms (301 modules)
 ✓ Compiled in 95ms (301 modules)
 ✓ Compiled in 102ms (301 modules)
 ✓ Compiled in 117ms (301 modules)
 ✓ Compiled in 116ms (301 modules)
 ✓ Compiled in 172ms (301 modules)
 ✓ Compiled in 145ms (301 modules)
 ✓ Compiled in 145ms (301 modules)
 ✓ Compiled in 131ms (301 modules)
 ✓ Compiled in 142ms (301 modules)
 ✓ Compiled in 106ms (301 modules)
 ✓ Compiled in 117ms (301 modules)
 ✓ Compiled in 103ms (301 modules)
 ✓ Compiled in 98ms (301 modules)
 ✓ Compiled in 101ms (301 modules)
 ✓ Compiled in 100ms (301 modules)
 ✓ Compiled in 104ms (301 modules)
 ✓ Compiled in 127ms (301 modules)
 ✓ Compiled in 112ms (301 modules)
 ✓ Compiled in 100ms (301 modules)
 ✓ Compiled in 99ms (301 modules)
 ✓ Compiled in 126ms (301 modules)
 ✓ Compiled in 106ms (301 modules)
 ✓ Compiled in 105ms (301 modules)
 ✓ Compiled in 90ms (301 modules)
 ✓ Compiled in 101ms (301 modules)
 ✓ Compiled in 120ms (301 modules)
 ✓ Compiled in 141ms (301 modules)
 ✓ Compiled in 112ms (301 modules)
 ✓ Compiled in 116ms (301 modules)
 ✓ Compiled in 113ms (301 modules)
 ✓ Compiled in 97ms (301 modules)
 ✓ Compiled in 88ms (301 modules)
 ✓ Compiled in 90ms (301 modules)
 ✓ Compiled in 118ms (301 modules)
 ✓ Compiled in 115ms (301 modules)
 ✓ Compiled in 138ms (301 modules)
 ✓ Compiled in 113ms (301 modules)
 ✓ Compiled in 141ms (301 modules)
 ✓ Compiled in 114ms (301 modules)
 ✓ Compiled in 99ms (301 modules)
 ✓ Compiled in 120ms (301 modules)
 ✓ Compiled in 111ms (301 modules)
 ✓ Compiled in 101ms (301 modules)
 ✓ Compiled in 118ms (301 modules)
 ✓ Compiled in 110ms (301 modules)
 ✓ Compiled in 109ms (301 modules)
 ✓ Compiled in 115ms (301 modules)
 ✓ Compiled in 103ms (301 modules)
 ✓ Compiled in 87ms (301 modules)
 ✓ Compiled in 104ms (301 modules)
 ✓ Compiled in 108ms (301 modules)
 ✓ Compiled in 100ms (301 modules)
 ✓ Compiled in 108ms (301 modules)
 ✓ Compiled in 97ms (301 modules)
 ✓ Compiled in 96ms (301 modules)
 ✓ Compiled in 96ms (301 modules)
 ✓ Compiled in 105ms (301 modules)
 ✓ Compiled in 120ms (301 modules)
 ✓ Compiled in 106ms (301 modules)
 ✓ Compiled in 102ms (301 modules)
 ✓ Compiled in 125ms (301 modules)
 ✓ Compiled in 113ms (301 modules)
 ✓ Compiled in 104ms (301 modules)
 ✓ Compiled in 91ms (301 modules)
 ✓ Compiled in 99ms (301 modules)
 ✓ Compiled in 92ms (301 modules)
 ✓ Compiled in 88ms (301 modules)
 ✓ Compiled in 104ms (301 modules)
 ✓ Compiled in 102ms (301 modules)
 ✓ Compiled in 87ms (301 modules)
 ✓ Compiled in 95ms (301 modules)
 ✓ Compiled in 124ms (301 modules)
 ✓ Compiled in 105ms (301 modules)
 ✓ Compiled in 106ms (301 modules)
 ✓ Compiled in 109ms (301 modules)
 ✓ Compiled in 97ms (301 modules)
 ✓ Compiled in 105ms (301 modules)
 ✓ Compiled in 129ms (301 modules)
 ✓ Compiled in 111ms (301 modules)
 ✓ Compiled in 117ms (301 modules)
 ✓ Compiled in 165ms (301 modules)
 ✓ Compiled in 112ms (301 modules)
 ✓ Compiled in 117ms (301 modules)
 ✓ Compiled in 114ms (301 modules)
 ✓ Compiled in 102ms (301 modules)
 ✓ Compiled in 107ms (301 modules)
 ✓ Compiled in 102ms (301 modules)
 ✓ Compiled in 90ms (301 modules)
 ✓ Compiled in 105ms (301 modules)
 ✓ Compiled in 98ms (301 modules)
 ✓ Compiled in 103ms (301 modules)
 ✓ Compiled in 117ms (301 modules)
 ✓ Compiled in 99ms (301 modules)
 ✓ Compiled in 102ms (301 modules)
 ✓ Compiled in 121ms (301 modules)
 ✓ Compiled in 120ms (301 modules)
 ✓ Compiled in 101ms (301 modules)
 ✓ Compiled in 107ms (301 modules)
 ✓ Compiled in 103ms (301 modules)
 ✓ Compiled in 97ms (301 modules)
 ✓ Compiled in 110ms (301 modules)
 ✓ Compiled in 116ms (301 modules)
 ✓ Compiled in 86ms (301 modules)
 ✓ Compiled in 102ms (301 modules)
 ✓ Compiled in 106ms (301 modules)
 ✓ Compiled in 90ms (301 modules)
 ✓ Compiled in 95ms (301 modules)
 ✓ Compiled in 102ms (301 modules)
 ✓ Compiled in 88ms (301 modules)
 ✓ Compiled in 105ms (301 modules)
 ✓ Compiled in 102ms (301 modules)
 ✓ Compiled in 93ms (301 modules)
 ✓ Compiled in 98ms (301 modules)
 ✓ Compiled in 105ms (301 modules)
 ✓ Compiled in 100ms (301 modules)
 ✓ Compiled in 106ms (301 modules)
 ✓ Compiled in 95ms (301 modules)
 ✓ Compiled in 102ms (301 modules)
 ✓ Compiled in 99ms (301 modules)
 ✓ Compiled in 106ms (301 modules)
 ✓ Compiled in 100ms (301 modules)
 ✓ Compiled in 99ms (301 modules)
 ✓ Compiled in 112ms (301 modules)
 ✓ Compiled in 91ms (301 modules)
 ✓ Compiled in 99ms (301 modules)
 ✓ Compiled in 106ms (301 modules)
 ✓ Compiled in 100ms (301 modules)
 ✓ Compiled in 100ms (301 modules)
 ✓ Compiled in 118ms (301 modules)
 ✓ Compiled in 95ms (301 modules)
 ✓ Compiled in 123ms (301 modules)
 ✓ Compiled in 110ms (301 modules)
 ✓ Compiled in 94ms (301 modules)
 ✓ Compiled in 111ms (301 modules)
 ✓ Compiled in 102ms (301 modules)
 ✓ Compiled in 105ms (301 modules)
 ✓ Compiled in 114ms (301 modules)
 ✓ Compiled in 127ms (301 modules)
 ✓ Compiled in 166ms (301 modules)
 ✓ Compiled in 111ms (301 modules)
 ✓ Compiled in 112ms (301 modules)
 ✓ Compiled in 96ms (301 modules)
 ✓ Compiled in 101ms (301 modules)
 ✓ Compiled in 102ms (301 modules)
 ✓ Compiled in 98ms (301 modules)
 ✓ Compiled in 100ms (301 modules)
 ✓ Compiled in 106ms (301 modules)
 ✓ Compiled in 99ms (301 modules)
 ✓ Compiled in 103ms (301 modules)
 ✓ Compiled in 102ms (301 modules)
 ✓ Compiled in 92ms (301 modules)
 ✓ Compiled in 107ms (301 modules)
 ✓ Compiled in 97ms (301 modules)
 ✓ Compiled in 89ms (301 modules)
 ✓ Compiled in 103ms (301 modules)
 ✓ Compiled in 99ms (301 modules)
 ✓ Compiled in 101ms (301 modules)
 ✓ Compiled in 96ms (301 modules)
 ✓ Compiled in 110ms (301 modules)
 ✓ Compiled in 92ms (301 modules)
 ✓ Compiled in 102ms (301 modules)
 ✓ Compiled in 112ms (301 modules)
 ✓ Compiled in 100ms (301 modules)
 ✓ Compiled in 111ms (301 modules)
 ✓ Compiled in 100ms (301 modules)
 ✓ Compiled in 101ms (301 modules)
 ✓ Compiled in 102ms (301 modules)
 ✓ Compiled in 105ms (301 modules)
 ✓ Compiled in 101ms (301 modules)
 ✓ Compiled in 96ms (301 modules)
 ✓ Compiled in 109ms (301 modules)
 ✓ Compiled in 105ms (301 modules)
 ✓ Compiled in 97ms (301 modules)
 ✓ Compiled in 108ms (301 modules)
 ✓ Compiled in 99ms (301 modules)
 ✓ Compiled in 93ms (301 modules)
 ✓ Compiled in 104ms (301 modules)
 ✓ Compiled in 90ms (301 modules)
 ✓ Compiled in 101ms (301 modules)
 ✓ Compiled in 94ms (301 modules)
 ✓ Compiled in 90ms (301 modules)
 ✓ Compiled in 99ms (301 modules)
 ✓ Compiled in 103ms (301 modules)
 ✓ Compiled in 101ms (301 modules)
 ✓ Compiled in 99ms (301 modules)
 ✓ Compiled in 107ms (301 modules)
 ✓ Compiled in 97ms (301 modules)
 ✓ Compiled in 99ms (301 modules)
 ✓ Compiled in 108ms (301 modules)
 ✓ Compiled in 96ms (301 modules)
 ✓ Compiled in 98ms (301 modules)
 ✓ Compiled in 104ms (301 modules)
 ✓ Compiled in 88ms (301 modules)
 ✓ Compiled in 109ms (301 modules)
 ✓ Compiled in 99ms (301 modules)
 ✓ Compiled in 94ms (301 modules)
 ✓ Compiled in 124ms (301 modules)
 ✓ Compiled in 118ms (301 modules)
 ✓ Compiled in 94ms (301 modules)
 ✓ Compiled in 108ms (301 modules)
 ✓ Compiled in 96ms (301 modules)
 ✓ Compiled in 98ms (301 modules)
 ✓ Compiled in 106ms (301 modules)
 ✓ Compiled in 100ms (301 modules)
 ✓ Compiled in 92ms (301 modules)
 ✓ Compiled in 125ms (301 modules)
 ✓ Compiled in 133ms (301 modules)
 ✓ Compiled in 113ms (301 modules)
 ✓ Compiled in 107ms (301 modules)
 ✓ Compiled in 107ms (301 modules)
 ✓ Compiled in 95ms (301 modules)
 ✓ Compiled in 110ms (301 modules)
 ✓ Compiled in 118ms (301 modules)
 ✓ Compiled in 118ms (301 modules)
 ✓ Compiled in 146ms (301 modules)
 ✓ Compiled in 173ms (301 modules)
 ✓ Compiled in 145ms (301 modules)
 ✓ Compiled in 137ms (301 modules)
 ✓ Compiled in 139ms (301 modules)
 ✓ Compiled in 131ms (301 modules)
 ✓ Compiled in 144ms (301 modules)
 ✓ Compiled in 122ms (301 modules)
 ✓ Compiled in 119ms (301 modules)
 ✓ Compiled in 139ms (301 modules)
 ✓ Compiled in 125ms (301 modules)
 ✓ Compiled in 127ms (301 modules)
 ✓ Compiled in 131ms (301 modules)
 ✓ Compiled in 125ms (301 modules)
 ✓ Compiled in 126ms (301 modules)
 ✓ Compiled in 120ms (301 modules)
 ✓ Compiled in 145ms (301 modules)
 ✓ Compiled in 131ms (301 modules)
 ✓ Compiled in 135ms (301 modules)
 ✓ Compiled in 131ms (301 modules)
 ✓ Compiled in 116ms (301 modules)
 ✓ Compiled in 112ms (301 modules)
 ✓ Compiled in 117ms (301 modules)
 ✓ Compiled in 113ms (301 modules)
 ✓ Compiled in 114ms (301 modules)
 ✓ Compiled in 125ms (301 modules)
 ✓ Compiled in 111ms (301 modules)
 ✓ Compiled in 122ms (301 modules)
 ✓ Compiled in 120ms (301 modules)
 ✓ Compiled in 117ms (301 modules)
 ✓ Compiled in 119ms (301 modules)
 ✓ Compiled in 113ms (301 modules)
 ✓ Compiled in 108ms (301 modules)
 ✓ Compiled in 118ms (301 modules)
 ✓ Compiled in 123ms (301 modules)
 ✓ Compiled in 109ms (301 modules)
 ✓ Compiled in 117ms (301 modules)
 ✓ Compiled in 138ms (301 modules)
 ✓ Compiled in 118ms (301 modules)
 ✓ Compiled in 124ms (301 modules)
 ✓ Compiled in 125ms (301 modules)
 ✓ Compiled in 124ms (301 modules)
 ✓ Compiled in 133ms (301 modules)
 ✓ Compiled in 131ms (301 modules)
 ✓ Compiled in 102ms (301 modules)
 ✓ Compiled in 128ms (301 modules)
 ✓ Compiled in 118ms (301 modules)
 ✓ Compiled in 98ms (301 modules)
 ✓ Compiled in 112ms (301 modules)
 ✓ Compiled in 107ms (301 modules)
 ✓ Compiled in 100ms (301 modules)
 ✓ Compiled in 117ms (301 modules)
 ✓ Compiled in 115ms (301 modules)
 ✓ Compiled in 101ms (301 modules)
 ✓ Compiled in 115ms (301 modules)
 ✓ Compiled in 106ms (301 modules)
 ✓ Compiled in 99ms (301 modules)
 ✓ Compiled in 109ms (301 modules)
 ✓ Compiled in 110ms (301 modules)
 ✓ Compiled in 102ms (301 modules)
 ✓ Compiled in 109ms (301 modules)
 ✓ Compiled in 102ms (301 modules)
 ✓ Compiled in 110ms (301 modules)
 ✓ Compiled in 116ms (301 modules)
 ✓ Compiled in 120ms (301 modules)
 ✓ Compiled in 109ms (301 modules)
 ✓ Compiled in 116ms (301 modules)
 ✓ Compiled in 129ms (301 modules)
 ✓ Compiled in 104ms (301 modules)
 ✓ Compiled in 112ms (301 modules)
 ✓ Compiled in 109ms (301 modules)
 ✓ Compiled in 96ms (301 modules)
 ✓ Compiled in 119ms (301 modules)
 ✓ Compiled in 120ms (301 modules)
 ✓ Compiled in 86ms (301 modules)
 ✓ Compiled in 116ms (301 modules)
 ✓ Compiled in 164ms (301 modules)
 ✓ Compiled in 121ms (301 modules)
 ✓ Compiled in 133ms (301 modules)
 ✓ Compiled in 133ms (301 modules)
 ✓ Compiled in 125ms (301 modules)
 ✓ Compiled in 127ms (301 modules)
 ✓ Compiled in 126ms (301 modules)
 ✓ Compiled in 128ms (301 modules)
 ✓ Compiled in 130ms (301 modules)
 ✓ Compiled in 127ms (301 modules)
 ✓ Compiled in 215ms (301 modules)
 ✓ Compiled in 143ms (301 modules)
 ✓ Compiled in 124ms (301 modules)
 ✓ Compiled in 118ms (301 modules)
 ✓ Compiled in 125ms (301 modules)
 ✓ Compiled in 130ms (301 modules)
 ✓ Compiled in 136ms (301 modules)
 ✓ Compiled in 128ms (301 modules)
 ✓ Compiled in 114ms (301 modules)
 ✓ Compiled in 133ms (301 modules)
 ✓ Compiled in 124ms (301 modules)
 ✓ Compiled in 126ms (301 modules)
 ✓ Compiled in 139ms (301 modules)
 ✓ Compiled in 130ms (301 modules)
 ✓ Compiled in 112ms (301 modules)
 ✓ Compiled in 143ms (301 modules)
 ✓ Compiled in 129ms (301 modules)
 ✓ Compiled in 136ms (301 modules)
 ✓ Compiled in 147ms (301 modules)
 ✓ Compiled in 134ms (301 modules)
 ✓ Compiled in 112ms (301 modules)
 ✓ Compiled in 137ms (301 modules)
 ✓ Compiled in 130ms (301 modules)
 ✓ Compiled in 118ms (301 modules)
 ✓ Compiled in 138ms (301 modules)
 ✓ Compiled in 135ms (301 modules)
 ✓ Compiled in 131ms (301 modules)
 ✓ Compiled in 147ms (301 modules)
 ✓ Compiled in 132ms (301 modules)
 ✓ Compiled in 123ms (301 modules)
 ✓ Compiled in 134ms (301 modules)
 ✓ Compiled in 137ms (301 modules)
 ✓ Compiled in 128ms (301 modules)
 ✓ Compiled in 134ms (301 modules)
 ✓ Compiled in 128ms (301 modules)
 ✓ Compiled in 122ms (301 modules)
 ✓ Compiled in 130ms (301 modules)
 ✓ Compiled in 138ms (301 modules)
 ✓ Compiled in 125ms (301 modules)
 ✓ Compiled in 138ms (301 modules)
 ✓ Compiled in 130ms (301 modules)
 ✓ Compiled in 105ms (301 modules)
 ✓ Compiled in 131ms (301 modules)
 ✓ Compiled in 125ms (301 modules)
 ✓ Compiled in 131ms (301 modules)
 ✓ Compiled in 144ms (301 modules)
 ✓ Compiled in 137ms (301 modules)
 ✓ Compiled in 136ms (301 modules)
 ✓ Compiled in 132ms (301 modules)
 ✓ Compiled in 126ms (301 modules)
 ✓ Compiled in 123ms (301 modules)
 ✓ Compiled in 133ms (301 modules)
 ✓ Compiled in 141ms (301 modules)
 ✓ Compiled in 128ms (301 modules)
 ✓ Compiled in 128ms (301 modules)
 ✓ Compiled in 117ms (301 modules)
 ✓ Compiled in 116ms (301 modules)
 ✓ Compiled in 129ms (301 modules)
 ✓ Compiled in 128ms (301 modules)
 ✓ Compiled in 123ms (301 modules)
 ✓ Compiled in 126ms (301 modules)
 ✓ Compiled in 122ms (301 modules)
 ✓ Compiled in 125ms (301 modules)
 ✓ Compiled in 130ms (301 modules)
 ✓ Compiled in 130ms (301 modules)
 ✓ Compiled in 117ms (301 modules)
 ✓ Compiled in 131ms (301 modules)
 ✓ Compiled in 135ms (301 modules)
 ✓ Compiled in 118ms (301 modules)
 ✓ Compiled in 134ms (301 modules)
 ✓ Compiled in 132ms (301 modules)
 ✓ Compiled in 116ms (301 modules)
 ✓ Compiled in 132ms (301 modules)
 ✓ Compiled in 127ms (301 modules)
 ✓ Compiled in 116ms (301 modules)
 ✓ Compiled in 130ms (301 modules)
 ✓ Compiled in 122ms (301 modules)
 ✓ Compiled in 127ms (301 modules)
 ✓ Compiled in 131ms (301 modules)
 ✓ Compiled in 120ms (301 modules)
 ✓ Compiled in 122ms (301 modules)
 ✓ Compiled in 130ms (301 modules)
 ✓ Compiled in 138ms (301 modules)
 ✓ Compiled in 129ms (301 modules)
 ✓ Compiled in 125ms (301 modules)
 ✓ Compiled in 142ms (301 modules)
 ✓ Compiled in 121ms (301 modules)
 ✓ Compiled in 121ms (301 modules)
 ✓ Compiled in 122ms (301 modules)
 ✓ Compiled in 116ms (301 modules)
 ✓ Compiled in 128ms (301 modules)
 ✓ Compiled in 133ms (301 modules)
 ✓ Compiled in 117ms (301 modules)
 ✓ Compiled in 135ms (301 modules)
 ✓ Compiled in 131ms (301 modules)
 ✓ Compiled in 108ms (301 modules)
 ✓ Compiled in 135ms (301 modules)
 ✓ Compiled in 120ms (301 modules)
 ✓ Compiled in 117ms (301 modules)
 ✓ Compiled in 130ms (301 modules)
 ✓ Compiled in 135ms (301 modules)
 ✓ Compiled in 123ms (301 modules)
 ✓ Compiled in 129ms (301 modules)
 ✓ Compiled in 129ms (301 modules)
 ✓ Compiled in 126ms (301 modules)
 ✓ Compiled in 135ms (301 modules)
 ✓ Compiled in 132ms (301 modules)
 ✓ Compiled in 120ms (301 modules)
 ✓ Compiled in 125ms (301 modules)
 ✓ Compiled in 114ms (301 modules)
 ✓ Compiled in 113ms (301 modules)
 ✓ Compiled in 119ms (301 modules)
 ✓ Compiled in 126ms (301 modules)
 ✓ Compiled in 126ms (301 modules)
 ✓ Compiled in 141ms (301 modules)
 ✓ Compiled in 146ms (301 modules)
 ✓ Compiled in 135ms (301 modules)
 ✓ Compiled in 130ms (301 modules)
 ✓ Compiled in 145ms (301 modules)
 ✓ Compiled in 127ms (301 modules)
 ✓ Compiled in 140ms (301 modules)
 ✓ Compiled in 143ms (301 modules)
 ✓ Compiled in 139ms (301 modules)
 ✓ Compiled in 137ms (301 modules)
 ✓ Compiled in 137ms (301 modules)
 ✓ Compiled in 121ms (301 modules)
 ✓ Compiled in 128ms (301 modules)
 ✓ Compiled in 122ms (301 modules)
 ✓ Compiled in 116ms (301 modules)
 ✓ Compiled in 133ms (301 modules)
 ✓ Compiled in 136ms (301 modules)
 ✓ Compiled in 122ms (301 modules)
 ✓ Compiled in 142ms (301 modules)
 ✓ Compiled in 139ms (301 modules)
 ✓ Compiled in 123ms (301 modules)
 ✓ Compiled in 141ms (301 modules)
 ✓ Compiled in 245ms (301 modules)
 ✓ Compiled in 108ms (301 modules)
 ✓ Compiled in 134ms (301 modules)
 ✓ Compiled in 119ms (301 modules)
 ✓ Compiled in 108ms (301 modules)
 ✓ Compiled in 127ms (301 modules)
 ✓ Compiled in 153ms (301 modules)
 ✓ Compiled in 902ms (301 modules)
 ✓ Compiled in 164ms (301 modules)
 ✓ Compiled in 151ms (301 modules)
 ✓ Compiled in 153ms (301 modules)
 ✓ Compiled in 164ms (301 modules)
 ✓ Compiled in 165ms (301 modules)
 GET / 200 in 1753ms
 ✓ Compiled in 135ms (301 modules)
 ✓ Compiled in 127ms (301 modules)
 ✓ Compiled in 119ms (301 modules)
 ✓ Compiled in 115ms (301 modules)
 ✓ Compiled in 131ms (301 modules)
 ✓ Compiled in 126ms (301 modules)
 ✓ Compiled in 124ms (301 modules)
 ✓ Compiled in 134ms (301 modules)
 ✓ Compiled in 132ms (301 modules)
 ✓ Compiled in 163ms (301 modules)
 GET /icon.svg?5c9ea5bf1a55c44d 200 in 114ms
 ✓ Compiled in 181ms (301 modules)
 ✓ Compiled in 174ms (301 modules)
 ○ Compiling /api/auth/me ...
 ✓ Compiled /api/auth/me in 1171ms (864 modules)
 GET / 200 in 1355ms
 GET / 200 in 127ms
 GET /api/auth/me 200 in 2554ms
 GET / 200 in 132ms
 GET / 200 in 128ms
 ✓ Compiled in 277ms (302 modules)
 GET / 200 in 118ms
 ✓ Compiled in 297ms (302 modules)
